
> violation-service@1.0.0 test
> jest src/__tests__/controllers/violation.controller.test.ts

node.exe : FAIL src/__tests
__/controllers/violation.co
ntroller.test.ts
At line:1 char:1
+ & "C:\Program 
Files\nodejs/node.exe" "C:\
Users\akmal\AppData\Roaming
\ ...
+ ~~~~~~~~~~~~~~~~~~~~~~~~~
~~~~~~~~~~~~~~~~~~~~~~~~~~~
~~~~~~~~~~~~~~~~~
    + CategoryInfo         
     : NotSpecified: (FAI  
  L src/__test...troller   
 .test.ts:String) [], R    
emoteException
    + FullyQualifiedErrorI 
   d : NativeCommandError
 
  ΓùÅ Test suite failed to 
run

    ReferenceError: Cannot 
access 'test_helpers_1' 
before initialization

    [0m [90m 4 |[39m jes
t[33m.[39mmock([32m'../.
./config/prisma'[39m[33m,
[39m () [33m=>[39m ({
     [90m 5 |[39m     
__esModule[33m:[39m 
[36mtrue[39m[33m,[39m
    
[31m[1m>[22m[39m[90m 
6 |[39m     [36mdefault[
39m[33m:[39m 
mockPrismaClient[33m,[39m
     [90m   |[39m        
      [31m[1m^[22m[39m
     [90m 7 |[39m 
}))[33m;[39m
     [90m 8 |[39m
     [90m 9 |[39m 
describe([32m'Violation Co
ntroller'[39m[33m,[39m 
() [33m=>[39m {[0m

      at src/__tests__/cont
rollers/violation.controlle
r.test.ts:6:14
      at 
Object.<anonymous> (src/con
trollers/violation.controll
er.ts:2:1)
      at 
Object.<anonymous> (src/__t
ests__/controllers/violatio
n.controller.test.ts:1:1)

Test Suites: 1 failed, 1 
total
Tests:       0 total
Snapshots:   0 total
Time:        1.429 s
Ran all test suites 
matching /src\\__tests__\\c
ontrollers\\violation.contr
oller.test.ts/i.
